
> lumina-books@0.0.0 build
> next build

Γû▓ Next.js 16.1.0 (Turbopack)
- Environments: .env.local

  Creating an optimized production build ...
Γ£ô Compiled successfully in 7.0s
  Running TypeScript ...
  Collecting page data using 11 workers ...
  Generating static pages using 11 workers (0/28) ...
  Generating static pages using 11 workers (7/28) 
  Generating static pages using 11 workers (14/28) 
  Generating static pages using 11 workers (21/28) 
Γ£ô Generating static pages using 11 workers (28/28) in 637.0ms
  Finalizing page optimization ...

Route (app)
Γöî Γùï /
Γö£ Γùï /_not-found
Γö£ Γùï /admin/content
Γö£ Γùï /admin/dashboard
Γö£ Γùï /admin/orders
Γö£ Γùï /admin/products
Γö£ Γùï /admin/settings
Γö£ Γùï /admin/stores
Γö£ Γùï /admin/users
Γö£ ╞Æ /api/orders/create
Γö£ Γùï /cart
Γö£ Γùï /checkout
Γö£ Γùï /complete-profile
Γö£ Γùï /contact
Γö£ Γùï /forgot-password
Γö£ Γùï /my-account
Γö£ Γùï /order-completed
Γö£ ╞Æ /product/[id]
Γö£ Γùï /products
Γö£ Γùï /seller/dashboard
Γö£ Γùï /seller/orders
Γö£ Γùï /seller/products
Γö£ Γùï /seller/register
Γö£ Γùï /seller/store
Γö£ Γùï /sign-in
Γö£ Γùï /signup
Γö£ ╞Æ /store/[slug]
Γö£ Γùï /track-order
Γöö Γùï /verify-code


Γùï  (Static)   prerendered as static content
╞Æ  (Dynamic)  server-rendered on demand

